Command: /Users/zzk/Desktop/symbolicana/symbolic_analysis/.venv312/bin/python /Users/zzk/Desktop/symbolicana/symbolic_analysis/scripts/se_script_improved.py --binary /Users/zzk/Desktop/symbolicana/benchmarks/ardiff_paths_typed/cases/Bess/SIGN/Eq/bin/symbolic_newV --output-prefix symbolic_newV --timeout 120 --signature double(double,double)

ERROR    | 2026-07-01 20:33:24,668 | angr.state_plugins.unicorn_engine | failed loading "unicornlib.dylib", unicorn support disabled ('NoneType' object has no attribute 'unicorn_py3')
WARNING  | 2026-07-01 20:33:24,829 | cle.backends.macho.macho | LC_LOAD_DYLINKER is not handled yet
WARNING  | 2026-07-01 20:33:24,829 | cle.backends.macho.macho | LC_UUID is not handled yet
WARNING  | 2026-07-01 20:33:24,829 | cle.backends.macho.macho | LC_SOURCE_VERSION is not handled yet
WARNING  | 2026-07-01 20:33:24,829 | cle.backends.macho.macho | LC_CODE_SIGNATURE is not handled yet
WARNING  | 2026-07-01 20:33:24,830 | angr.calling_conventions | Guessing call prototype. Please specify prototype.
Analyzing single binary: /Users/zzk/Desktop/symbolicana/benchmarks/ardiff_paths_typed/cases/Bess/SIGN/Eq/bin/symbolic_newV
Starting symbolic execution: /Users/zzk/Desktop/symbolicana/benchmarks/ardiff_paths_typed/cases/Bess/SIGN/Eq/bin/symbolic_newV
Loading binary: /Users/zzk/Desktop/symbolicana/benchmarks/ardiff_paths_typed/cases/Bess/SIGN/Eq/bin/symbolic_newV
Found snippet at: 0x100003e78
Created symbolic snippet arguments: arg_0:double, arg_1:double
Exploring paths...
Symbolic execution finished:
  Deadended: 0
  Active: 0
  Errored: 4
  Handling errored states: 4

Analyzing path 1...
  Saved to: symbolic_newV_path_1.txt
  Symbolic variable values: {'arg_0': 9224309241128573714, 'arg_1': 11629231442144418578}
  Constraint count: 2

Analyzing path 2...
  Saved to: symbolic_newV_path_2.txt
  Symbolic variable values: {'arg_0': 9224309241128573714, 'arg_1': 0}
  Constraint count: 2

Analyzing path 3...
  Saved to: symbolic_newV_path_3.txt
  Symbolic variable values: {'arg_0': 0, 'arg_1': 9224309241128573714}
  Constraint count: 2

Analyzing path 4...
  Saved to: symbolic_newV_path_4.txt
  Symbolic variable values: {'arg_0': 0, 'arg_1': 0}
  Constraint count: 2
Done. Found 4 paths


elapsed=0.778462
returncode=0
