Command: /Users/zzk/Desktop/symbolicana/symbolic_analysis/.venv312/bin/python /Users/zzk/Desktop/symbolicana/symbolic_analysis/scripts/se_script_improved.py --binary /Users/zzk/Desktop/symbolicana/benchmarks/ardiff_paths_typed_smoke/cases/Airy/MAX/NEq/bin/symbolic_oldV --output-prefix symbolic_oldV --timeout 20 --signature double(double,double)

ERROR    | 2026-07-01 20:29:46,515 | angr.state_plugins.unicorn_engine | failed loading "unicornlib.dylib", unicorn support disabled ('NoneType' object has no attribute 'unicorn_py3')
WARNING  | 2026-07-01 20:29:46,683 | cle.backends.macho.macho | LC_LOAD_DYLINKER is not handled yet
WARNING  | 2026-07-01 20:29:46,684 | cle.backends.macho.macho | LC_UUID is not handled yet
WARNING  | 2026-07-01 20:29:46,684 | cle.backends.macho.macho | LC_SOURCE_VERSION is not handled yet
WARNING  | 2026-07-01 20:29:46,684 | cle.backends.macho.macho | LC_CODE_SIGNATURE is not handled yet
WARNING  | 2026-07-01 20:29:46,685 | angr.calling_conventions | Guessing call prototype. Please specify prototype.
Analyzing single binary: /Users/zzk/Desktop/symbolicana/benchmarks/ardiff_paths_typed_smoke/cases/Airy/MAX/NEq/bin/symbolic_oldV
Starting symbolic execution: /Users/zzk/Desktop/symbolicana/benchmarks/ardiff_paths_typed_smoke/cases/Airy/MAX/NEq/bin/symbolic_oldV
Loading binary: /Users/zzk/Desktop/symbolicana/benchmarks/ardiff_paths_typed_smoke/cases/Airy/MAX/NEq/bin/symbolic_oldV
Found snippet at: 0x100003ebc
Created symbolic snippet arguments: arg_0:double, arg_1:double
Exploring paths...
Symbolic execution finished:
  Deadended: 0
  Active: 0
  Errored: 1
  Handling errored states: 1

Analyzing path 1...
  Saved to: symbolic_oldV_path_1.txt
  Symbolic variable values: {'arg_0': 9221120237041090560, 'arg_1': 9221120237041090560}
  Constraint count: 0
Done. Found 1 paths


elapsed=0.761729
returncode=0
