Command: C:\Users\10198\Desktop\symbolicana\symbolic_analysis\.venv\Scripts\python.exe C:\Users\10198\Desktop\symbolicana\symbolic_analysis\scripts\se_script_improved.py --binary C:\Users\10198\Desktop\symbolicana\symbolic_analysis\benchmarks\ardiff_paths_typed\cases\Airy\MAX\Eq\bin\symbolic_oldV --output-prefix symbolic_oldV --timeout 120 --signature double(double,double)

ERROR    | 2026-07-05 07:57:23,459 | angr.state_plugins.unicorn_engine | failed loading "unicornlib.dll", unicorn support disabled ('NoneType' object has no attribute 'unicorn_py3')
WARNING  | 2026-07-05 07:57:24,125 | angr.calling_conventions | Guessing call prototype. Please specify prototype.
Analyzing single binary: C:\Users\10198\Desktop\symbolicana\symbolic_analysis\benchmarks\ardiff_paths_typed\cases\Airy\MAX\Eq\bin\symbolic_oldV
Starting symbolic execution: C:\Users\10198\Desktop\symbolicana\symbolic_analysis\benchmarks\ardiff_paths_typed\cases\Airy\MAX\Eq\bin\symbolic_oldV
Loading binary: C:\Users\10198\Desktop\symbolicana\symbolic_analysis\benchmarks\ardiff_paths_typed\cases\Airy\MAX\Eq\bin\symbolic_oldV
Found snippet at: 0x1400014b0
Created symbolic snippet arguments: arg_0:double, arg_1:double
Exploring paths...
Symbolic execution finished:
  Deadended: 0
  Active: 0
  Errored: 2
  Handling errored states: 2

Analyzing path 1...
  Saved to: symbolic_oldV_path_1.txt
  Symbolic variable values: {'arg_0': 9221120237041090560, 'arg_1': 9221120237041090560}
  Constraint count: 1

Analyzing path 2...
  Saved to: symbolic_oldV_path_2.txt
  Symbolic variable values: {'arg_0': 12455039007283634278, 'arg_1': 3229522802281291952}
  Constraint count: 1
Done. Found 2 paths


elapsed=2.005730
returncode=0
