Command: /Users/zzk/Desktop/symbolicana/symbolic_analysis/.venv312/bin/python /Users/zzk/Desktop/symbolicana/symbolic_analysis/scripts/se_script_improved.py --binary /Users/zzk/Desktop/symbolicana/benchmarks/ardiff_paths_typed/cases/Airy/MAX/Eq/bin/symbolic_newV --output-prefix symbolic_newV --timeout 120 --signature double(double,double)

ERROR    | 2026-07-01 20:33:17,969 | angr.state_plugins.unicorn_engine | failed loading "unicornlib.dylib", unicorn support disabled ('NoneType' object has no attribute 'unicorn_py3')
WARNING  | 2026-07-01 20:33:18,128 | cle.backends.macho.macho | LC_LOAD_DYLINKER is not handled yet
WARNING  | 2026-07-01 20:33:18,128 | cle.backends.macho.macho | LC_UUID is not handled yet
WARNING  | 2026-07-01 20:33:18,129 | cle.backends.macho.macho | LC_SOURCE_VERSION is not handled yet
WARNING  | 2026-07-01 20:33:18,129 | cle.backends.macho.macho | LC_CODE_SIGNATURE is not handled yet
WARNING  | 2026-07-01 20:33:18,129 | angr.calling_conventions | Guessing call prototype. Please specify prototype.
Analyzing single binary: /Users/zzk/Desktop/symbolicana/benchmarks/ardiff_paths_typed/cases/Airy/MAX/Eq/bin/symbolic_newV
Starting symbolic execution: /Users/zzk/Desktop/symbolicana/benchmarks/ardiff_paths_typed/cases/Airy/MAX/Eq/bin/symbolic_newV
Loading binary: /Users/zzk/Desktop/symbolicana/benchmarks/ardiff_paths_typed/cases/Airy/MAX/Eq/bin/symbolic_newV
Found snippet at: 0x100003ebc
Created symbolic snippet arguments: arg_0:double, arg_1:double
Exploring paths...
Symbolic execution finished:
  Deadended: 0
  Active: 0
  Errored: 2
  Handling errored states: 2

Analyzing path 1...
  Saved to: symbolic_newV_path_1.txt
  Symbolic variable values: {'arg_0': 9221120237041090560, 'arg_1': 3535324743269875710}
  Constraint count: 1

Analyzing path 2...
  Saved to: symbolic_newV_path_2.txt
  Symbolic variable values: {'arg_0': 6812749898843062885, 'arg_1': 16033949438156212723}
  Constraint count: 1
Done. Found 2 paths


elapsed=0.774961
returncode=0
