Command: /Users/zzk/Desktop/symbolicana/symbolic_analysis/.venv312/bin/python /Users/zzk/Desktop/symbolicana/symbolic_analysis/scripts/se_script_improved.py --binary /Users/zzk/Desktop/symbolicana/benchmarks/ardiff_paths/cases/gam/gcf/Eq/bin/symbolic_newV --output-prefix symbolic_newV --timeout 120

ERROR    | 2026-07-01 06:11:20,147 | angr.state_plugins.unicorn_engine | failed loading "unicornlib.dylib", unicorn support disabled ('NoneType' object has no attribute 'unicorn_py3')
WARNING  | 2026-07-01 06:11:20,310 | cle.backends.macho.macho | LC_LOAD_DYLINKER is not handled yet
WARNING  | 2026-07-01 06:11:20,310 | cle.backends.macho.macho | LC_UUID is not handled yet
WARNING  | 2026-07-01 06:11:20,311 | cle.backends.macho.macho | LC_SOURCE_VERSION is not handled yet
WARNING  | 2026-07-01 06:11:20,311 | cle.backends.macho.macho | LC_CODE_SIGNATURE is not handled yet
WARNING  | 2026-07-01 06:11:20,311 | angr.calling_conventions | Guessing call prototype. Please specify prototype.
Analyzing single binary: /Users/zzk/Desktop/symbolicana/benchmarks/ardiff_paths/cases/gam/gcf/Eq/bin/symbolic_newV
Starting symbolic execution: /Users/zzk/Desktop/symbolicana/benchmarks/ardiff_paths/cases/gam/gcf/Eq/bin/symbolic_newV
Loading binary: /Users/zzk/Desktop/symbolicana/benchmarks/ardiff_paths/cases/gam/gcf/Eq/bin/symbolic_newV
Found snippet at: 0x100003bc8
Created symbolic snippet arguments: arg_a, arg_b
Exploring paths...
Symbolic execution finished:
  Deadended: 0
  Active: 0
  Errored: 0
Done. Found 0 paths


elapsed=4.660988
returncode=0
