Command: C:\Users\10198\Desktop\symbolicana\symbolic_analysis\.venv\Scripts\python.exe C:\Users\10198\Desktop\symbolicana\symbolic_analysis\scripts\se_script_improved.py --binary C:\Users\10198\Desktop\symbolicana\symbolic_analysis\benchmarks\ardiff_paths_typed\cases\Bess\bessi1\Eq\bin\symbolic_oldV --output-prefix symbolic_oldV --timeout 120 --signature double(double)

ERROR    | 2026-07-05 07:57:46,992 | angr.state_plugins.unicorn_engine | failed loading "unicornlib.dll", unicorn support disabled ('NoneType' object has no attribute 'unicorn_py3')
WARNING  | 2026-07-05 07:57:47,610 | angr.calling_conventions | Guessing call prototype. Please specify prototype.
Analyzing single binary: C:\Users\10198\Desktop\symbolicana\symbolic_analysis\benchmarks\ardiff_paths_typed\cases\Bess\bessi1\Eq\bin\symbolic_oldV
Starting symbolic execution: C:\Users\10198\Desktop\symbolicana\symbolic_analysis\benchmarks\ardiff_paths_typed\cases\Bess\bessi1\Eq\bin\symbolic_oldV
Loading binary: C:\Users\10198\Desktop\symbolicana\symbolic_analysis\benchmarks\ardiff_paths_typed\cases\Bess\bessi1\Eq\bin\symbolic_oldV
Found snippet at: 0x1400014b0
Created symbolic snippet arguments: arg_0:double
Exploring paths...
Symbolic execution finished:
  Deadended: 0
  Active: 0
  Errored: 7
  Handling errored states: 7

Analyzing path 1...
  Saved to: symbolic_oldV_path_1.txt
  Symbolic variable values: {'arg_0': 9007199254740993}
  Constraint count: 2

Analyzing path 2...
  Saved to: symbolic_oldV_path_2.txt
  Symbolic variable values: {'arg_0': 9227875636482146305}
  Constraint count: 2

Analyzing path 3...
  Saved to: symbolic_oldV_path_3.txt
  Symbolic variable values: {'arg_0': 4615626668101337088}
  Constraint count: 5

Analyzing path 4...
  Saved to: symbolic_oldV_path_4.txt
  Symbolic variable values: {'arg_0': 4652832231381416432}
  Constraint count: 10

Analyzing path 5...
  Saved to: symbolic_oldV_path_5.txt
  Symbolic variable values: {'arg_0': 9218868437227405312}
  Constraint count: 5

Analyzing path 6...
  Saved to: symbolic_oldV_path_6.txt
  Symbolic variable values: {'arg_0': 18442240474082181120}
  Constraint count: 3

Analyzing path 7...
  Saved to: symbolic_oldV_path_7.txt
  Symbolic variable values: {'arg_0': 9221120237041090560}
  Constraint count: 7
Done. Found 7 paths


elapsed=3.007875
returncode=0
