Command: /Users/zzk/Desktop/symbolicana/symbolic_analysis/.venv312/bin/python /Users/zzk/Desktop/symbolicana/symbolic_analysis/scripts/se_script_improved.py --binary /Users/zzk/Desktop/symbolicana/benchmarks/ardiff_paths_typed/cases/ModDiff/NEq/LoopMult5/bin/symbolic_newV --output-prefix symbolic_newV --timeout 120 --signature int(int)

ERROR    | 2026-07-01 20:39:48,471 | angr.state_plugins.unicorn_engine | failed loading "unicornlib.dylib", unicorn support disabled ('NoneType' object has no attribute 'unicorn_py3')
WARNING  | 2026-07-01 20:39:48,639 | cle.backends.macho.macho | LC_LOAD_DYLINKER is not handled yet
WARNING  | 2026-07-01 20:39:48,639 | cle.backends.macho.macho | LC_UUID is not handled yet
WARNING  | 2026-07-01 20:39:48,639 | cle.backends.macho.macho | LC_SOURCE_VERSION is not handled yet
WARNING  | 2026-07-01 20:39:48,639 | cle.backends.macho.macho | LC_CODE_SIGNATURE is not handled yet
WARNING  | 2026-07-01 20:39:48,640 | angr.calling_conventions | Guessing call prototype. Please specify prototype.
Analyzing single binary: /Users/zzk/Desktop/symbolicana/benchmarks/ardiff_paths_typed/cases/ModDiff/NEq/LoopMult5/bin/symbolic_newV
Starting symbolic execution: /Users/zzk/Desktop/symbolicana/benchmarks/ardiff_paths_typed/cases/ModDiff/NEq/LoopMult5/bin/symbolic_newV
Loading binary: /Users/zzk/Desktop/symbolicana/benchmarks/ardiff_paths_typed/cases/ModDiff/NEq/LoopMult5/bin/symbolic_newV
Found snippet at: 0x100003e78
Created symbolic snippet arguments: arg_0:int
Exploring paths...
Symbolic execution finished:
  Deadended: 0
  Active: 0
  Errored: 4
  Handling errored states: 4

Analyzing path 1...
  Saved to: symbolic_newV_path_1.txt
  Symbolic variable values: {'arg_0': 4}
  Constraint count: 1

Analyzing path 2...
  Saved to: symbolic_newV_path_2.txt
  Symbolic variable values: {'arg_0': 1073741824}
  Constraint count: 2

Analyzing path 3...
  Saved to: symbolic_newV_path_3.txt
  Symbolic variable values: {'arg_0': 5}
  Constraint count: 7

Analyzing path 4...
  Saved to: symbolic_newV_path_4.txt
  Symbolic variable values: {'arg_0': 6}
  Constraint count: 8
Done. Found 4 paths


elapsed=1.021749
returncode=0
