Command: C:\Users\10198\Desktop\symbolicana\symbolic_analysis\.venv\Scripts\python.exe C:\Users\10198\Desktop\symbolicana\symbolic_analysis\scripts\se_script_improved.py --binary C:\Users\10198\Desktop\symbolicana\symbolic_analysis\benchmarks\ardiff_paths_typed\cases\Bess\probks\Eq\bin\symbolic_oldV --output-prefix symbolic_oldV --timeout 120 --signature double(double)

ERROR    | 2026-07-05 08:03:14,085 | angr.state_plugins.unicorn_engine | failed loading "unicornlib.dll", unicorn support disabled ('NoneType' object has no attribute 'unicorn_py3')
WARNING  | 2026-07-05 08:03:14,806 | angr.calling_conventions | Guessing call prototype. Please specify prototype.
Analyzing single binary: C:\Users\10198\Desktop\symbolicana\symbolic_analysis\benchmarks\ardiff_paths_typed\cases\Bess\probks\Eq\bin\symbolic_oldV
Starting symbolic execution: C:\Users\10198\Desktop\symbolicana\symbolic_analysis\benchmarks\ardiff_paths_typed\cases\Bess\probks\Eq\bin\symbolic_oldV
Loading binary: C:\Users\10198\Desktop\symbolicana\symbolic_analysis\benchmarks\ardiff_paths_typed\cases\Bess\probks\Eq\bin\symbolic_oldV
Found snippet at: 0x1400014b0
Created symbolic snippet arguments: arg_0:double
Exploring paths...
Symbolic execution finished:
  Deadended: 0
  Active: 0
  Errored: 4
  Handling errored states: 4

Analyzing path 1...
  Saved to: symbolic_oldV_path_1.txt
  Symbolic variable values: {'arg_0': 0}
  Constraint count: 1

Analyzing path 2...
  Saved to: symbolic_oldV_path_2.txt
  Symbolic variable values: {'arg_0': 4611345451697668201}
  Constraint count: 5

Analyzing path 3...
  Saved to: symbolic_oldV_path_3.txt
  Symbolic variable values: {'arg_0': 5199762275170254848}
  Constraint count: 5

Analyzing path 4...
  Saved to: symbolic_oldV_path_4.txt
  Symbolic variable values: {'arg_0': 9218868437227405312}
  Constraint count: 7
Done. Found 4 paths


elapsed=58.073351
returncode=0
