Command: /Users/zzk/Desktop/symbolicana/symbolic_analysis/.venv312/bin/python /Users/zzk/Desktop/symbolicana/symbolic_analysis/scripts/se_script_improved.py --binary /Users/zzk/Desktop/symbolicana/benchmarks/ardiff_paths/cases/caldat/julday/Eq/bin/symbolic_oldV --output-prefix symbolic_oldV --timeout 120

ERROR    | 2026-07-01 06:00:52,986 | angr.state_plugins.unicorn_engine | failed loading "unicornlib.dylib", unicorn support disabled ('NoneType' object has no attribute 'unicorn_py3')
WARNING  | 2026-07-01 06:00:53,156 | cle.backends.macho.macho | LC_LOAD_DYLINKER is not handled yet
WARNING  | 2026-07-01 06:00:53,156 | cle.backends.macho.macho | LC_UUID is not handled yet
WARNING  | 2026-07-01 06:00:53,156 | cle.backends.macho.macho | LC_SOURCE_VERSION is not handled yet
WARNING  | 2026-07-01 06:00:53,156 | cle.backends.macho.macho | LC_CODE_SIGNATURE is not handled yet
WARNING  | 2026-07-01 06:00:53,157 | angr.calling_conventions | Guessing call prototype. Please specify prototype.
Analyzing single binary: /Users/zzk/Desktop/symbolicana/benchmarks/ardiff_paths/cases/caldat/julday/Eq/bin/symbolic_oldV
Starting symbolic execution: /Users/zzk/Desktop/symbolicana/benchmarks/ardiff_paths/cases/caldat/julday/Eq/bin/symbolic_oldV
Loading binary: /Users/zzk/Desktop/symbolicana/benchmarks/ardiff_paths/cases/caldat/julday/Eq/bin/symbolic_oldV
Found snippet at: 0x100003c80
Created symbolic snippet arguments: arg_a, arg_b
Exploring paths...
Symbolic execution finished:
  Deadended: 0
  Active: 0
  Errored: 1
  Handling errored states: 1

Analyzing path 1...
  Saved to: symbolic_oldV_path_1.txt
  Symbolic variable values: {'arg_a': 0, 'arg_b': 0}
  Constraint count: 0
Done. Found 1 paths


elapsed=0.779887
returncode=0
