Command: /Users/zzk/Desktop/symbolicana/symbolic_analysis/.venv312/bin/python /Users/zzk/Desktop/symbolicana/symbolic_analysis/scripts/se_script_improved.py --binary /Users/zzk/Desktop/symbolicana/benchmarks/ardiff_paths_typed/cases/caldat/julday/Eq/bin/symbolic_newV --output-prefix symbolic_newV --timeout 120 --signature double(double,double,double)

ERROR    | 2026-07-01 20:45:15,418 | angr.state_plugins.unicorn_engine | failed loading "unicornlib.dylib", unicorn support disabled ('NoneType' object has no attribute 'unicorn_py3')
WARNING  | 2026-07-01 20:45:15,585 | cle.backends.macho.macho | LC_LOAD_DYLINKER is not handled yet
WARNING  | 2026-07-01 20:45:15,585 | cle.backends.macho.macho | LC_UUID is not handled yet
WARNING  | 2026-07-01 20:45:15,585 | cle.backends.macho.macho | LC_SOURCE_VERSION is not handled yet
WARNING  | 2026-07-01 20:45:15,586 | cle.backends.macho.macho | LC_CODE_SIGNATURE is not handled yet
WARNING  | 2026-07-01 20:45:15,586 | angr.calling_conventions | Guessing call prototype. Please specify prototype.
Analyzing single binary: /Users/zzk/Desktop/symbolicana/benchmarks/ardiff_paths_typed/cases/caldat/julday/Eq/bin/symbolic_newV
Starting symbolic execution: /Users/zzk/Desktop/symbolicana/benchmarks/ardiff_paths_typed/cases/caldat/julday/Eq/bin/symbolic_newV
Loading binary: /Users/zzk/Desktop/symbolicana/benchmarks/ardiff_paths_typed/cases/caldat/julday/Eq/bin/symbolic_newV
Found snippet at: 0x100003d40
Created symbolic snippet arguments: arg_0:double, arg_1:double, arg_2:double
Exploring paths...
Symbolic execution finished:
  Deadended: 0
  Active: 0
  Errored: 5
  Handling errored states: 5

Analyzing path 1...
  Saved to: symbolic_newV_path_1.txt
  Symbolic variable values: {'arg_0': 0, 'arg_1': 9221120237041090560, 'arg_2': 9221120237041090560}
  Constraint count: 3

Analyzing path 2...
  Saved to: symbolic_newV_path_2.txt
  Symbolic variable values: {'arg_0': 9221120237041090560, 'arg_1': 9221120237041090560, 'arg_2': 0}
  Constraint count: 1

Analyzing path 3...
  Saved to: symbolic_newV_path_3.txt
  Symbolic variable values: {'arg_0': 7637269471373301732, 'arg_1': 9221120237041090560, 'arg_2': 9221120237041090560}
  Constraint count: 3

Analyzing path 4...
  Saved to: symbolic_newV_path_4.txt
  Symbolic variable values: {'arg_0': 0, 'arg_1': 9221120237041090560, 'arg_2': 9230127436295831552}
  Constraint count: 3

Analyzing path 5...
  Saved to: symbolic_newV_path_5.txt
  Symbolic variable values: {'arg_0': 4612824786551384186, 'arg_1': 9221120237041090560, 'arg_2': 9230127436295831552}
  Constraint count: 3
Done. Found 5 paths


elapsed=1.014275
returncode=0
