Command: C:\Users\10198\Desktop\symbolicana\symbolic_analysis\.venv\Scripts\python.exe C:\Users\10198\Desktop\symbolicana\symbolic_analysis\scripts\se_script_improved.py --binary C:\Users\10198\Desktop\symbolicana\symbolic_analysis\benchmarks\ardiff_paths_typed\cases\caldat\julday\Eq\bin\symbolic_oldV --output-prefix symbolic_oldV --timeout 120 --signature double(double,double,double)

ERROR    | 2026-07-05 08:07:22,301 | angr.state_plugins.unicorn_engine | failed loading "unicornlib.dll", unicorn support disabled ('NoneType' object has no attribute 'unicorn_py3')
WARNING  | 2026-07-05 08:07:23,001 | angr.calling_conventions | Guessing call prototype. Please specify prototype.
Analyzing single binary: C:\Users\10198\Desktop\symbolicana\symbolic_analysis\benchmarks\ardiff_paths_typed\cases\caldat\julday\Eq\bin\symbolic_oldV
Starting symbolic execution: C:\Users\10198\Desktop\symbolicana\symbolic_analysis\benchmarks\ardiff_paths_typed\cases\caldat\julday\Eq\bin\symbolic_oldV
Loading binary: C:\Users\10198\Desktop\symbolicana\symbolic_analysis\benchmarks\ardiff_paths_typed\cases\caldat\julday\Eq\bin\symbolic_oldV
Found snippet at: 0x1400014b0
Created symbolic snippet arguments: arg_0:double, arg_1:double, arg_2:double
Exploring paths...
Symbolic execution finished:
  Deadended: 0
  Active: 0
  Errored: 29
  Handling errored states: 29

Analyzing path 1...
  Saved to: symbolic_oldV_path_1.txt
  Symbolic variable values: {'arg_0': 9221120237041090560, 'arg_1': 9221120237041090560, 'arg_2': 0}
  Constraint count: 2

Analyzing path 2...
  Saved to: symbolic_oldV_path_2.txt
  Symbolic variable values: {'arg_0': 13846880004304011264, 'arg_1': 9371990824558002176, 'arg_2': 9221120237041090560}
  Constraint count: 6

Analyzing path 3...
  Saved to: symbolic_oldV_path_3.txt
  Symbolic variable values: {'arg_0': 13844135623281082368, 'arg_1': 9221120237041090560, 'arg_2': 9221120237041090560}
  Constraint count: 9

Analyzing path 4...
  Saved to: symbolic_oldV_path_4.txt
  Symbolic variable values: {'arg_0': 13846880004304011264, 'arg_1': 4724276010554490882, 'arg_2': 3437747715559478613}
  Constraint count: 7

Analyzing path 5...
  Saved to: symbolic_oldV_path_5.txt
  Symbolic variable values: {'arg_0': 13846880004304011264, 'arg_1': 0, 'arg_2': 4503599627370497}
  Constraint count: 7

Analyzing path 6...
  Saved to: symbolic_oldV_path_6.txt
  Symbolic variable values: {'arg_0': 13846880004304011264, 'arg_1': 7841356331354430502, 'arg_2': 13824535150555053905}
  Constraint count: 7

Analyzing path 7...
  Saved to: symbolic_oldV_path_7.txt
  Symbolic variable values: {'arg_0': 13846880004304011264, 'arg_1': 0, 'arg_2': 14134405908851604755}
  Constraint count: 7

Analyzing path 8...
  Saved to: symbolic_oldV_path_8.txt
  Symbolic variable values: {'arg_0': 4643756952755634176, 'arg_1': 9221120237041090560, 'arg_2': 9221120237041090560}
  Constraint count: 9

Analyzing path 9...
  Saved to: symbolic_oldV_path_9.txt
  Symbolic variable values: {'arg_0': 13699950066595266560, 'arg_1': 9221120237041090560, 'arg_2': 4503599627370497}
  Constraint count: 10

Analyzing path 10...
  Saved to: symbolic_oldV_path_10.txt
  Symbolic variable values: {'arg_0': 13843362666606755841, 'arg_1': 9221120237041090560, 'arg_2': 9227875636482148352}
  Constraint count: 10

Analyzing path 11...
  Saved to: symbolic_oldV_path_11.txt
  Symbolic variable values: {'arg_0': 4683743543746782208, 'arg_1': 9221120237041090560, 'arg_2': 4503599627370497}
  Constraint count: 10

Analyzing path 12...
  Saved to: symbolic_oldV_path_12.txt
  Symbolic variable values: {'arg_0': 4613937818241077759, 'arg_1': 9221120237041090560, 'arg_2': 9227875636482148352}
  Constraint count: 10

Analyzing path 13...
  Saved to: symbolic_oldV_path_13.txt
  Symbolic variable values: {'arg_0': 9218868437227405312, 'arg_1': 18442240474082181120, 'arg_2': 9221120237041090560}
  Constraint count: 9

Analyzing path 14...
  Saved to: symbolic_oldV_path_14.txt
  Symbolic variable values: {'arg_0': 9218868437227405312, 'arg_1': 14411518807585587460, 'arg_2': 536870912}
  Constraint count: 10

Analyzing path 15...
  Saved to: symbolic_oldV_path_15.txt
  Symbolic variable values: {'arg_0': 9205361094229919582, 'arg_1': 4753549411266744746, 'arg_2': 9224286830529085698}
  Constraint count: 10

Analyzing path 16...
  Saved to: symbolic_oldV_path_16.txt
  Symbolic variable values: {'arg_0': 9205359984256430901, 'arg_1': 9224461101494105650, 'arg_2': 18424227010009977609}
  Constraint count: 10

Analyzing path 17...
  Saved to: symbolic_oldV_path_17.txt
  Symbolic variable values: {'arg_0': 9221120237041090560, 'arg_1': 18415218876317958144, 'arg_2': 9221120237041090560}
  Constraint count: 9

Analyzing path 18...
  Saved to: symbolic_oldV_path_18.txt
  Symbolic variable values: {'arg_0': 18276733187776315392, 'arg_1': 9353976426031742976, 'arg_2': 9221120237041090560}
  Constraint count: 10

Analyzing path 19...
  Saved to: symbolic_oldV_path_19.txt
  Symbolic variable values: {'arg_0': 18422683396905497291, 'arg_1': 5629499534213120, 'arg_2': 9221120237041090560}
  Constraint count: 10

Analyzing path 20...
  Saved to: symbolic_oldV_path_20.txt
  Symbolic variable values: {'arg_0': 9221120237041090560, 'arg_1': 9430537619713820672, 'arg_2': 9197851638966342998}
  Constraint count: 8

Analyzing path 21...
  Saved to: symbolic_oldV_path_21.txt
  Symbolic variable values: {'arg_0': 13988180442612662089, 'arg_1': 9221120237041090560, 'arg_2': 4748295207124366362}
  Constraint count: 9

Analyzing path 22...
  Saved to: symbolic_oldV_path_22.txt
  Symbolic variable values: {'arg_0': 13988180442612776960, 'arg_1': 0, 'arg_2': 4503599627370497}
  Constraint count: 9

Analyzing path 23...
  Saved to: symbolic_oldV_path_23.txt
  Symbolic variable values: {'arg_0': 9221120237041090560, 'arg_1': 0, 'arg_2': 9227875636482148352}
  Constraint count: 7

Analyzing path 24...
  Saved to: symbolic_oldV_path_24.txt
  Symbolic variable values: {'arg_0': 18293621686378954752, 'arg_1': 9221120237041090560, 'arg_2': 9224128500854719832}
  Constraint count: 8

Analyzing path 25...
  Saved to: symbolic_oldV_path_25.txt
  Symbolic variable values: {'arg_0': 13847443028077248512, 'arg_1': 0, 'arg_2': 9227875636482148352}
  Constraint count: 8

Analyzing path 26...
  Saved to: symbolic_oldV_path_26.txt
  Symbolic variable values: {'arg_0': 18433233274827440128, 'arg_1': 18419652080184015247, 'arg_2': 9193372246155515961}
  Constraint count: 9

Analyzing path 27...
  Saved to: symbolic_oldV_path_27.txt
  Symbolic variable values: {'arg_0': 18428099105281540100, 'arg_1': 0, 'arg_2': 4503599627370497}
  Constraint count: 9

Analyzing path 28...
  Saved to: symbolic_oldV_path_28.txt
  Symbolic variable values: {'arg_0': 18421945177534540475, 'arg_1': 9218868437227405312, 'arg_2': 18415594082064110910}
  Constraint count: 8

Analyzing path 29...
  Saved to: symbolic_oldV_path_29.txt
  Symbolic variable values: {'arg_0': 18429029915175227665, 'arg_1': 9223372036854779921, 'arg_2': 18424948986896624482}
  Constraint count: 8
Done. Found 29 paths


elapsed=148.186415
returncode=0
