Command: /Users/zzk/Desktop/symbolicana/symbolic_analysis/.venv312/bin/python /Users/zzk/Desktop/symbolicana/symbolic_analysis/scripts/se_script_improved.py --binary /Users/zzk/Desktop/symbolicana/benchmarks/ardiff_paths/cases/ModDiff/NEq/LoopMult2/bin/symbolic_oldV --output-prefix symbolic_oldV --timeout 120

ERROR    | 2026-07-01 05:55:17,900 | angr.state_plugins.unicorn_engine | failed loading "unicornlib.dylib", unicorn support disabled ('NoneType' object has no attribute 'unicorn_py3')
WARNING  | 2026-07-01 05:55:18,070 | cle.backends.macho.macho | LC_LOAD_DYLINKER is not handled yet
WARNING  | 2026-07-01 05:55:18,071 | cle.backends.macho.macho | LC_UUID is not handled yet
WARNING  | 2026-07-01 05:55:18,071 | cle.backends.macho.macho | LC_SOURCE_VERSION is not handled yet
WARNING  | 2026-07-01 05:55:18,071 | cle.backends.macho.macho | LC_CODE_SIGNATURE is not handled yet
WARNING  | 2026-07-01 05:55:18,072 | angr.calling_conventions | Guessing call prototype. Please specify prototype.
Analyzing single binary: /Users/zzk/Desktop/symbolicana/benchmarks/ardiff_paths/cases/ModDiff/NEq/LoopMult2/bin/symbolic_oldV
Starting symbolic execution: /Users/zzk/Desktop/symbolicana/benchmarks/ardiff_paths/cases/ModDiff/NEq/LoopMult2/bin/symbolic_oldV
Loading binary: /Users/zzk/Desktop/symbolicana/benchmarks/ardiff_paths/cases/ModDiff/NEq/LoopMult2/bin/symbolic_oldV
Found snippet at: 0x100003e80
Created symbolic snippet arguments: arg_a, arg_b
Exploring paths...
Symbolic execution finished:
  Deadended: 0
  Active: 2
  Errored: 125

Analyzing path 1...
  Saved to: symbolic_oldV_path_1.txt
  Symbolic variable values: {'arg_a': 124, 'arg_b': 124}
  Constraint count: 126

Analyzing path 2...
  Saved to: symbolic_oldV_path_2.txt
  Symbolic variable values: {'arg_a': 1073741898, 'arg_b': 1073741898}
  Constraint count: 126
Done. Found 2 paths


elapsed=3.813737
returncode=0
