Command: /Users/zzk/Desktop/symbolicana/symbolic_analysis/.venv312/bin/python /Users/zzk/Desktop/symbolicana/symbolic_analysis/scripts/se_script_improved.py --binary /Users/zzk/Desktop/symbolicana/benchmarks/ardiff_paths_typed/cases/gam/ei/NEq/bin/symbolic_newV --output-prefix symbolic_newV --timeout 120 --signature double(double)

ERROR    | 2026-07-01 20:52:01,216 | angr.state_plugins.unicorn_engine | failed loading "unicornlib.dylib", unicorn support disabled ('NoneType' object has no attribute 'unicorn_py3')
WARNING  | 2026-07-01 20:52:01,385 | cle.backends.macho.macho | LC_LOAD_DYLINKER is not handled yet
WARNING  | 2026-07-01 20:52:01,385 | cle.backends.macho.macho | LC_UUID is not handled yet
WARNING  | 2026-07-01 20:52:01,385 | cle.backends.macho.macho | LC_SOURCE_VERSION is not handled yet
WARNING  | 2026-07-01 20:52:01,386 | cle.backends.macho.macho | LC_CODE_SIGNATURE is not handled yet
WARNING  | 2026-07-01 20:52:01,386 | angr.calling_conventions | Guessing call prototype. Please specify prototype.
Analyzing single binary: /Users/zzk/Desktop/symbolicana/benchmarks/ardiff_paths_typed/cases/gam/ei/NEq/bin/symbolic_newV
Starting symbolic execution: /Users/zzk/Desktop/symbolicana/benchmarks/ardiff_paths_typed/cases/gam/ei/NEq/bin/symbolic_newV
Loading binary: /Users/zzk/Desktop/symbolicana/benchmarks/ardiff_paths_typed/cases/gam/ei/NEq/bin/symbolic_newV
Found snippet at: 0x100003c08
Created symbolic snippet arguments: arg_0:double
Exploring paths...
Symbolic execution finished:
  Deadended: 0
  Active: 0
  Errored: 6
  Handling errored states: 6

Analyzing path 1...
  Saved to: symbolic_newV_path_1.txt
  Symbolic variable values: {'arg_0': 9224191219750624766}
  Constraint count: 1

Analyzing path 2...
  Saved to: symbolic_newV_path_2.txt
  Symbolic variable values: {'arg_0': 35201551958019}
  Constraint count: 5

Analyzing path 3...
  Saved to: symbolic_newV_path_3.txt
  Symbolic variable values: {'arg_0': 9218868437227405312}
  Constraint count: 4

Analyzing path 4...
  Saved to: symbolic_newV_path_4.txt
  Symbolic variable values: {'arg_0': 4607666310638813759}
  Constraint count: 7

Analyzing path 5...
  Saved to: symbolic_newV_path_5.txt
  Symbolic variable values: {'arg_0': 4742290407621132288}
  Constraint count: 6

Analyzing path 6...
  Saved to: symbolic_newV_path_6.txt
  Symbolic variable values: {'arg_0': 4679240012837945344}
  Constraint count: 7
Done. Found 6 paths


elapsed=32.873398
returncode=0
