Command: C:\Users\10198\Desktop\symbolicana\symbolic_analysis\.venv\Scripts\python.exe C:\Users\10198\Desktop\symbolicana\symbolic_analysis\scripts\se_script_improved.py --binary C:\Users\10198\Desktop\symbolicana\symbolic_analysis\benchmarks\ardiff_paths_typed\cases\Ell\rc\Eq\bin\symbolic_newV --output-prefix symbolic_newV --timeout 120 --signature double(double,double)

ERROR    | 2026-07-05 05:46:02,193 | angr.state_plugins.unicorn_engine | failed loading "unicornlib.dll", unicorn support disabled ('NoneType' object has no attribute 'unicorn_py3')
WARNING  | 2026-07-05 05:46:02,736 | cle.backends.macho.macho | LC_LOAD_DYLINKER is not handled yet
WARNING  | 2026-07-05 05:46:02,736 | cle.backends.macho.macho | LC_UUID is not handled yet
WARNING  | 2026-07-05 05:46:02,736 | cle.backends.macho.macho | LC_SOURCE_VERSION is not handled yet
WARNING  | 2026-07-05 05:46:02,736 | cle.backends.macho.macho | LC_CODE_SIGNATURE is not handled yet
WARNING  | 2026-07-05 05:46:02,737 | angr.calling_conventions | Guessing call prototype. Please specify prototype.
Analyzing single binary: C:\Users\10198\Desktop\symbolicana\symbolic_analysis\benchmarks\ardiff_paths_typed\cases\Ell\rc\Eq\bin\symbolic_newV
Starting symbolic execution: C:\Users\10198\Desktop\symbolicana\symbolic_analysis\benchmarks\ardiff_paths_typed\cases\Ell\rc\Eq\bin\symbolic_newV
Loading binary: C:\Users\10198\Desktop\symbolicana\symbolic_analysis\benchmarks\ardiff_paths_typed\cases\Ell\rc\Eq\bin\symbolic_newV
Found snippet at: 0x100003b5c
Created symbolic snippet arguments: arg_0:double, arg_1:double
Exploring paths...
Symbolic execution finished:
  Deadended: 0
  Active: 0
  Errored: 6
  Handling errored states: 6

Analyzing path 1...
  Saved to: symbolic_newV_path_1.txt
  Symbolic variable values: {'arg_0': 9346024365875273353, 'arg_1': 9221120237041090560}
  Constraint count: 1

Analyzing path 2...
  Saved to: symbolic_newV_path_2.txt
  Symbolic variable values: {'arg_0': 0, 'arg_1': 0}
  Constraint count: 2

Analyzing path 3...
  Saved to: symbolic_newV_path_3.txt
  Symbolic variable values: {'arg_0': 2834008852176075548, 'arg_1': 12278331177138651130}
  Constraint count: 3

Analyzing path 4...
  Saved to: symbolic_newV_path_4.txt
  Symbolic variable values: {'arg_0': 8796093022212, 'arg_1': 9221120237041090560}
  Constraint count: 5

Analyzing path 5...
  Saved to: symbolic_newV_path_5.txt
  Symbolic variable values: {'arg_0': 9223372036854775808, 'arg_1': 6919780827454767104}
  Constraint count: 4

Analyzing path 6...
  Saved to: symbolic_newV_path_6.txt
  Symbolic variable values: {'arg_0': 9221120237041090560, 'arg_1': 22131267795930281}
  Constraint count: 5
Done. Found 6 paths


elapsed=2.261258
returncode=0
