Command: /Users/zzk/Desktop/symbolicana/symbolic_analysis/.venv312/bin/python /Users/zzk/Desktop/symbolicana/symbolic_analysis/scripts/se_script_improved.py --binary /Users/zzk/Desktop/symbolicana/benchmarks/ardiff_paths_typed/cases/Ell/rc/Eq/bin/symbolic_oldV --output-prefix symbolic_oldV --timeout 120 --signature double(double,double)

ERROR    | 2026-07-01 20:38:48,622 | angr.state_plugins.unicorn_engine | failed loading "unicornlib.dylib", unicorn support disabled ('NoneType' object has no attribute 'unicorn_py3')
WARNING  | 2026-07-01 20:38:48,922 | cle.backends.macho.macho | LC_LOAD_DYLINKER is not handled yet
WARNING  | 2026-07-01 20:38:48,922 | cle.backends.macho.macho | LC_UUID is not handled yet
WARNING  | 2026-07-01 20:38:48,922 | cle.backends.macho.macho | LC_SOURCE_VERSION is not handled yet
WARNING  | 2026-07-01 20:38:48,922 | cle.backends.macho.macho | LC_CODE_SIGNATURE is not handled yet
WARNING  | 2026-07-01 20:38:48,923 | angr.calling_conventions | Guessing call prototype. Please specify prototype.
Analyzing single binary: /Users/zzk/Desktop/symbolicana/benchmarks/ardiff_paths_typed/cases/Ell/rc/Eq/bin/symbolic_oldV
Starting symbolic execution: /Users/zzk/Desktop/symbolicana/benchmarks/ardiff_paths_typed/cases/Ell/rc/Eq/bin/symbolic_oldV
Loading binary: /Users/zzk/Desktop/symbolicana/benchmarks/ardiff_paths_typed/cases/Ell/rc/Eq/bin/symbolic_oldV
Found snippet at: 0x100003bbc
Created symbolic snippet arguments: arg_0:double, arg_1:double
Exploring paths...
Symbolic execution finished:
  Deadended: 0
  Active: 0
  Errored: 6
  Handling errored states: 6

Analyzing path 1...
  Saved to: symbolic_oldV_path_1.txt
  Symbolic variable values: {'arg_0': 9346024365875273353, 'arg_1': 9221120237041090560}
  Constraint count: 1

Analyzing path 2...
  Saved to: symbolic_oldV_path_2.txt
  Symbolic variable values: {'arg_0': 0, 'arg_1': 0}
  Constraint count: 2

Analyzing path 3...
  Saved to: symbolic_oldV_path_3.txt
  Symbolic variable values: {'arg_0': 3751973636212321393, 'arg_1': 4005632831505858986}
  Constraint count: 3

Analyzing path 4...
  Saved to: symbolic_oldV_path_4.txt
  Symbolic variable values: {'arg_0': 2094583890, 'arg_1': 9221120237041090560}
  Constraint count: 5

Analyzing path 5...
  Saved to: symbolic_oldV_path_5.txt
  Symbolic variable values: {'arg_0': 9223372036854775808, 'arg_1': 15006029142770581504}
  Constraint count: 4

Analyzing path 6...
  Saved to: symbolic_oldV_path_6.txt
  Symbolic variable values: {'arg_0': 9221120237041090560, 'arg_1': 27013901738573857}
  Constraint count: 5
Done. Found 6 paths


elapsed=1.529233
returncode=0
