Command: C:\Users\10198\Desktop\symbolicana\symbolic_analysis\.venv\Scripts\python.exe C:\Users\10198\Desktop\symbolicana\symbolic_analysis\scripts\se_script_improved.py --binary C:\Users\10198\Desktop\symbolicana\symbolic_analysis\benchmarks\ardiff_paths_typed\cases\ModDiff\Eq\LoopMult2\bin\symbolic_newV --output-prefix symbolic_newV --timeout 120 --signature int(int,int)

ERROR    | 2026-07-05 08:46:21,912 | angr.state_plugins.unicorn_engine | failed loading "unicornlib.dll", unicorn support disabled ('NoneType' object has no attribute 'unicorn_py3')
WARNING  | 2026-07-05 08:46:22,753 | angr.calling_conventions | Guessing call prototype. Please specify prototype.
Analyzing single binary: C:\Users\10198\Desktop\symbolicana\symbolic_analysis\benchmarks\ardiff_paths_typed\cases\ModDiff\Eq\LoopMult2\bin\symbolic_newV
Starting symbolic execution: C:\Users\10198\Desktop\symbolicana\symbolic_analysis\benchmarks\ardiff_paths_typed\cases\ModDiff\Eq\LoopMult2\bin\symbolic_newV
Loading binary: C:\Users\10198\Desktop\symbolicana\symbolic_analysis\benchmarks\ardiff_paths_typed\cases\ModDiff\Eq\LoopMult2\bin\symbolic_newV
Found snippet at: 0x1400014b0
Created symbolic snippet arguments: arg_0:int, arg_1:int
Exploring paths...
Symbolic execution finished:
  Deadended: 0
  Active: 3
  Errored: 497

Analyzing path 1...
  Saved to: symbolic_newV_path_1.txt
  Symbolic variable values: {'arg_0': 1073742033, 'arg_1': 1073742033}
  Constraint count: 499

Analyzing path 2...
  Saved to: symbolic_newV_path_2.txt
  Symbolic variable values: {'arg_0': 497, 'arg_1': 497}
  Constraint count: 499

Analyzing path 3...
  Saved to: symbolic_newV_path_3.txt
  Symbolic variable values: {'arg_0': 496, 'arg_1': 496}
  Constraint count: 498
Done. Found 3 paths


elapsed=50.069614
returncode=0
