Command: C:\Users\10198\Desktop\symbolicana\symbolic_analysis\.venv\Scripts\python.exe C:\Users\10198\Desktop\symbolicana\symbolic_analysis\scripts\se_script_improved.py --binary C:\Users\10198\Desktop\symbolicana\symbolic_analysis\benchmarks\ardiff_paths_typed\cases\ModDiff\NEq\LoopMult10\bin\symbolic_newV --output-prefix symbolic_newV --timeout 120 --signature int(int)

ERROR    | 2026-07-05 08:50:46,569 | angr.state_plugins.unicorn_engine | failed loading "unicornlib.dll", unicorn support disabled ('NoneType' object has no attribute 'unicorn_py3')
WARNING  | 2026-07-05 08:50:47,368 | angr.calling_conventions | Guessing call prototype. Please specify prototype.
Analyzing single binary: C:\Users\10198\Desktop\symbolicana\symbolic_analysis\benchmarks\ardiff_paths_typed\cases\ModDiff\NEq\LoopMult10\bin\symbolic_newV
Starting symbolic execution: C:\Users\10198\Desktop\symbolicana\symbolic_analysis\benchmarks\ardiff_paths_typed\cases\ModDiff\NEq\LoopMult10\bin\symbolic_newV
Loading binary: C:\Users\10198\Desktop\symbolicana\symbolic_analysis\benchmarks\ardiff_paths_typed\cases\ModDiff\NEq\LoopMult10\bin\symbolic_newV
Found snippet at: 0x1400014b0
Created symbolic snippet arguments: arg_0:int
Exploring paths...
Symbolic execution finished:
  Deadended: 0
  Active: 0
  Errored: 5
  Handling errored states: 5

Analyzing path 1...
  Saved to: symbolic_newV_path_1.txt
  Symbolic variable values: {'arg_0': 8}
  Constraint count: 1

Analyzing path 2...
  Saved to: symbolic_newV_path_2.txt
  Symbolic variable values: {'arg_0': 13}
  Constraint count: 2

Analyzing path 3...
  Saved to: symbolic_newV_path_3.txt
  Symbolic variable values: {'arg_0': 9}
  Constraint count: 12

Analyzing path 4...
  Saved to: symbolic_newV_path_4.txt
  Symbolic variable values: {'arg_0': 10}
  Constraint count: 13

Analyzing path 5...
  Saved to: symbolic_newV_path_5.txt
  Symbolic variable values: {'arg_0': 11}
  Constraint count: 14
Done. Found 5 paths


elapsed=2.511304
returncode=0
