Command: C:\Users\10198\Desktop\symbolicana\symbolic_analysis\.venv\Scripts\python.exe C:\Users\10198\Desktop\symbolicana\symbolic_analysis\scripts\se_script_improved.py --binary C:\Users\10198\Desktop\symbolicana\symbolic_analysis\benchmarks\ardiff_paths_typed\cases\ModDiff\Eq\Add\bin\symbolic_oldV --output-prefix symbolic_oldV --timeout 120 --signature double(int,int)

ERROR    | 2026-07-05 08:45:10,154 | angr.state_plugins.unicorn_engine | failed loading "unicornlib.dll", unicorn support disabled ('NoneType' object has no attribute 'unicorn_py3')
WARNING  | 2026-07-05 08:45:10,949 | angr.calling_conventions | Guessing call prototype. Please specify prototype.
Analyzing single binary: C:\Users\10198\Desktop\symbolicana\symbolic_analysis\benchmarks\ardiff_paths_typed\cases\ModDiff\Eq\Add\bin\symbolic_oldV
Starting symbolic execution: C:\Users\10198\Desktop\symbolicana\symbolic_analysis\benchmarks\ardiff_paths_typed\cases\ModDiff\Eq\Add\bin\symbolic_oldV
Loading binary: C:\Users\10198\Desktop\symbolicana\symbolic_analysis\benchmarks\ardiff_paths_typed\cases\ModDiff\Eq\Add\bin\symbolic_oldV
Found snippet at: 0x1400014b0
Created symbolic snippet arguments: arg_0:int, arg_1:int
Exploring paths...
Symbolic execution finished:
  Deadended: 0
  Active: 0
  Errored: 1
  Handling errored states: 1

Analyzing path 1...
  Saved to: symbolic_oldV_path_1.txt
  Symbolic variable values: {'arg_0': 0, 'arg_1': 0}
  Constraint count: 0
Done. Found 1 paths


elapsed=2.008923
returncode=0
