Command: /Users/zzk/Desktop/symbolicana/symbolic_analysis/.venv312/bin/python /Users/zzk/Desktop/symbolicana/symbolic_analysis/scripts/se_script_improved.py --binary /Users/zzk/Desktop/symbolicana/benchmarks/ardiff_paths_typed/cases/Airy/MAX/NEq/bin/symbolic_oldV --output-prefix symbolic_oldV --timeout 120 --signature double(double,double)

ERROR    | 2026-07-01 20:33:18,852 | angr.state_plugins.unicorn_engine | failed loading "unicornlib.dylib", unicorn support disabled ('NoneType' object has no attribute 'unicorn_py3')
WARNING  | 2026-07-01 20:33:19,015 | cle.backends.macho.macho | LC_LOAD_DYLINKER is not handled yet
WARNING  | 2026-07-01 20:33:19,016 | cle.backends.macho.macho | LC_UUID is not handled yet
WARNING  | 2026-07-01 20:33:19,016 | cle.backends.macho.macho | LC_SOURCE_VERSION is not handled yet
WARNING  | 2026-07-01 20:33:19,016 | cle.backends.macho.macho | LC_CODE_SIGNATURE is not handled yet
WARNING  | 2026-07-01 20:33:19,017 | angr.calling_conventions | Guessing call prototype. Please specify prototype.
Analyzing single binary: /Users/zzk/Desktop/symbolicana/benchmarks/ardiff_paths_typed/cases/Airy/MAX/NEq/bin/symbolic_oldV
Starting symbolic execution: /Users/zzk/Desktop/symbolicana/benchmarks/ardiff_paths_typed/cases/Airy/MAX/NEq/bin/symbolic_oldV
Loading binary: /Users/zzk/Desktop/symbolicana/benchmarks/ardiff_paths_typed/cases/Airy/MAX/NEq/bin/symbolic_oldV
Found snippet at: 0x100003ebc
Created symbolic snippet arguments: arg_0:double, arg_1:double
Exploring paths...
Symbolic execution finished:
  Deadended: 0
  Active: 0
  Errored: 2
  Handling errored states: 2

Analyzing path 1...
  Saved to: symbolic_oldV_path_1.txt
  Symbolic variable values: {'arg_0': 18442240474081132542, 'arg_1': 18442240474081132542}
  Constraint count: 1

Analyzing path 2...
  Saved to: symbolic_oldV_path_2.txt
  Symbolic variable values: {'arg_0': 16069969370366771200, 'arg_1': 6849970691016425217}
  Constraint count: 1
Done. Found 2 paths


elapsed=0.780987
returncode=0
