Command: /Users/zzk/Desktop/symbolicana/symbolic_analysis/.venv312/bin/python /Users/zzk/Desktop/symbolicana/symbolic_analysis/scripts/se_script_improved.py --binary /Users/zzk/Desktop/symbolicana/benchmarks/ardiff_paths/cases/ModDiff/Eq/LoopMult5/bin/symbolic_oldV --output-prefix symbolic_oldV --timeout 120

ERROR    | 2026-07-01 05:54:53,568 | angr.state_plugins.unicorn_engine | failed loading "unicornlib.dylib", unicorn support disabled ('NoneType' object has no attribute 'unicorn_py3')
WARNING  | 2026-07-01 05:54:53,738 | cle.backends.macho.macho | LC_LOAD_DYLINKER is not handled yet
WARNING  | 2026-07-01 05:54:53,738 | cle.backends.macho.macho | LC_UUID is not handled yet
WARNING  | 2026-07-01 05:54:53,738 | cle.backends.macho.macho | LC_SOURCE_VERSION is not handled yet
WARNING  | 2026-07-01 05:54:53,738 | cle.backends.macho.macho | LC_CODE_SIGNATURE is not handled yet
WARNING  | 2026-07-01 05:54:53,739 | angr.calling_conventions | Guessing call prototype. Please specify prototype.
Analyzing single binary: /Users/zzk/Desktop/symbolicana/benchmarks/ardiff_paths/cases/ModDiff/Eq/LoopMult5/bin/symbolic_oldV
Starting symbolic execution: /Users/zzk/Desktop/symbolicana/benchmarks/ardiff_paths/cases/ModDiff/Eq/LoopMult5/bin/symbolic_oldV
Loading binary: /Users/zzk/Desktop/symbolicana/benchmarks/ardiff_paths/cases/ModDiff/Eq/LoopMult5/bin/symbolic_oldV
Found snippet at: 0x100003e78
Created symbolic snippet arguments: arg_a, arg_b
Exploring paths...
Symbolic execution finished:
  Deadended: 0
  Active: 0
  Errored: 4
  Handling errored states: 4

Analyzing path 1...
  Saved to: symbolic_oldV_path_1.txt
  Symbolic variable values: {'arg_a': 4, 'arg_b': 0}
  Constraint count: 1

Analyzing path 2...
  Saved to: symbolic_oldV_path_2.txt
  Symbolic variable values: {'arg_a': 1073741824, 'arg_b': 0}
  Constraint count: 2

Analyzing path 3...
  Saved to: symbolic_oldV_path_3.txt
  Symbolic variable values: {'arg_a': 5, 'arg_b': 0}
  Constraint count: 7

Analyzing path 4...
  Saved to: symbolic_oldV_path_4.txt
  Symbolic variable values: {'arg_a': 6, 'arg_b': 0}
  Constraint count: 8
Done. Found 4 paths


elapsed=1.017937
returncode=0
