Command: C:\Users\10198\Desktop\symbolicana\symbolic_analysis\.venv\Scripts\python.exe C:\Users\10198\Desktop\symbolicana\symbolic_analysis\scripts\se_script_improved.py --binary C:\Users\10198\Desktop\symbolicana\symbolic_analysis\benchmarks\ardiff_paths_typed\cases\ModDiff\NEq\LoopSub\bin\symbolic_newV --output-prefix symbolic_newV --timeout 120 --signature int(int)

ERROR    | 2026-07-05 08:52:50,001 | angr.state_plugins.unicorn_engine | failed loading "unicornlib.dll", unicorn support disabled ('NoneType' object has no attribute 'unicorn_py3')
WARNING  | 2026-07-05 08:52:50,734 | angr.calling_conventions | Guessing call prototype. Please specify prototype.
Analyzing single binary: C:\Users\10198\Desktop\symbolicana\symbolic_analysis\benchmarks\ardiff_paths_typed\cases\ModDiff\NEq\LoopSub\bin\symbolic_newV
Starting symbolic execution: C:\Users\10198\Desktop\symbolicana\symbolic_analysis\benchmarks\ardiff_paths_typed\cases\ModDiff\NEq\LoopSub\bin\symbolic_newV
Loading binary: C:\Users\10198\Desktop\symbolicana\symbolic_analysis\benchmarks\ardiff_paths_typed\cases\ModDiff\NEq\LoopSub\bin\symbolic_newV
Found snippet at: 0x1400014b0
Created symbolic snippet arguments: arg_0:int
Exploring paths...
Symbolic execution finished:
  Deadended: 0
  Active: 0
  Errored: 1
  Handling errored states: 1

Analyzing path 1...
  Saved to: symbolic_newV_path_1.txt
  Symbolic variable values: {'arg_0': 0}
  Constraint count: 0
Done. Found 1 paths


elapsed=2.007320
returncode=0
