Command: /Users/zzk/Desktop/symbolicana/symbolic_analysis/.venv312/bin/python /Users/zzk/Desktop/symbolicana/symbolic_analysis/scripts/se_script_improved.py --binary /Users/zzk/Desktop/symbolicana/benchmarks/ardiff_paths/cases/ModDiff/Eq/UnchLoop/bin/symbolic_newV --output-prefix symbolic_newV --timeout 120

ERROR    | 2026-07-01 05:55:09,950 | angr.state_plugins.unicorn_engine | failed loading "unicornlib.dylib", unicorn support disabled ('NoneType' object has no attribute 'unicorn_py3')
WARNING  | 2026-07-01 05:55:10,119 | cle.backends.macho.macho | LC_LOAD_DYLINKER is not handled yet
WARNING  | 2026-07-01 05:55:10,120 | cle.backends.macho.macho | LC_UUID is not handled yet
WARNING  | 2026-07-01 05:55:10,120 | cle.backends.macho.macho | LC_SOURCE_VERSION is not handled yet
WARNING  | 2026-07-01 05:55:10,120 | cle.backends.macho.macho | LC_CODE_SIGNATURE is not handled yet
WARNING  | 2026-07-01 05:55:10,121 | angr.calling_conventions | Guessing call prototype. Please specify prototype.
Analyzing single binary: /Users/zzk/Desktop/symbolicana/benchmarks/ardiff_paths/cases/ModDiff/Eq/UnchLoop/bin/symbolic_newV
Starting symbolic execution: /Users/zzk/Desktop/symbolicana/benchmarks/ardiff_paths/cases/ModDiff/Eq/UnchLoop/bin/symbolic_newV
Loading binary: /Users/zzk/Desktop/symbolicana/benchmarks/ardiff_paths/cases/ModDiff/Eq/UnchLoop/bin/symbolic_newV
Found snippet at: 0x100003e9c
Created symbolic snippet arguments: arg_a, arg_b
Exploring paths...
Symbolic execution finished:
  Deadended: 0
  Active: 1
  Errored: 125

Analyzing path 1...
  Saved to: symbolic_newV_path_1.txt
  Symbolic variable values: {'arg_a': 127, 'arg_b': 0}
  Constraint count: 125
Done. Found 1 paths


elapsed=3.820848
returncode=0
