Analyzing single binary: /Users/zzk/Desktop/symbolicana/benchmarks/ardiff_paths/cases/Bess/bessj1/NEq/bin/symbolic_newV
Starting symbolic execution: /Users/zzk/Desktop/symbolicana/benchmarks/ardiff_paths/cases/Bess/bessj1/NEq/bin/symbolic_newV
Loading binary: /Users/zzk/Desktop/symbolicana/benchmarks/ardiff_paths/cases/Bess/bessj1/NEq/bin/symbolic_newV
s000 not found; will analyze from entry (e.g. main)
Hooked _scanf for symbolic inputs
Exploring paths...
Symbolic execution finished:
  Deadended: 0
  Active: 0
  Errored: 1
  Handling errored states: 1

Analyzing path 1...
  Saved to: symbolic_newV_path_1.txt
  Symbolic variable values: {}
  Constraint count: 0
Done. Found 1 paths


--- STDERR ---
ERROR    | 2026-06-11 00:41:21,567 | angr.state_plugins.unicorn_engine | failed loading "unicornlib.dylib", unicorn support disabled ('NoneType' object has no attribute 'unicorn_py3')
WARNING  | 2026-06-11 00:41:21,735 | cle.backends.macho.macho | LC_LOAD_DYLINKER is not handled yet
WARNING  | 2026-06-11 00:41:21,735 | cle.backends.macho.macho | LC_UUID is not handled yet
WARNING  | 2026-06-11 00:41:21,736 | cle.backends.macho.macho | LC_SOURCE_VERSION is not handled yet
WARNING  | 2026-06-11 00:41:21,736 | cle.backends.macho.macho | LC_CODE_SIGNATURE is not handled yet
WARNING  | 2026-06-11 00:41:21,736 | angr.project   | Address is already hooked, during hook(0x100100010, <SimProcedure ScanfSymbolicHook>). Re-hooking.


elapsed=0.600804
returncode=0
