Command: /Users/zzk/Desktop/symbolicana/symbolic_analysis/.venv312/bin/python /Users/zzk/Desktop/symbolicana/symbolic_analysis/scripts/se_script_improved.py --binary /Users/zzk/Desktop/symbolicana/benchmarks/ardiff_paths/cases/ModDiff/NEq/LoopMult15/bin/symbolic_newV --output-prefix symbolic_newV --timeout 120

ERROR    | 2026-07-01 05:55:16,622 | angr.state_plugins.unicorn_engine | failed loading "unicornlib.dylib", unicorn support disabled ('NoneType' object has no attribute 'unicorn_py3')
WARNING  | 2026-07-01 05:55:16,789 | cle.backends.macho.macho | LC_LOAD_DYLINKER is not handled yet
WARNING  | 2026-07-01 05:55:16,790 | cle.backends.macho.macho | LC_UUID is not handled yet
WARNING  | 2026-07-01 05:55:16,790 | cle.backends.macho.macho | LC_SOURCE_VERSION is not handled yet
WARNING  | 2026-07-01 05:55:16,790 | cle.backends.macho.macho | LC_CODE_SIGNATURE is not handled yet
WARNING  | 2026-07-01 05:55:16,791 | angr.calling_conventions | Guessing call prototype. Please specify prototype.
Analyzing single binary: /Users/zzk/Desktop/symbolicana/benchmarks/ardiff_paths/cases/ModDiff/NEq/LoopMult15/bin/symbolic_newV
Starting symbolic execution: /Users/zzk/Desktop/symbolicana/benchmarks/ardiff_paths/cases/ModDiff/NEq/LoopMult15/bin/symbolic_newV
Loading binary: /Users/zzk/Desktop/symbolicana/benchmarks/ardiff_paths/cases/ModDiff/NEq/LoopMult15/bin/symbolic_newV
Found snippet at: 0x100003e78
Created symbolic snippet arguments: arg_a, arg_b
Exploring paths...
Symbolic execution finished:
  Deadended: 0
  Active: 0
  Errored: 5
  Handling errored states: 5

Analyzing path 1...
  Saved to: symbolic_newV_path_1.txt
  Symbolic variable values: {'arg_a': 12, 'arg_b': 0}
  Constraint count: 1

Analyzing path 2...
  Saved to: symbolic_newV_path_2.txt
  Symbolic variable values: {'arg_a': 1073741824, 'arg_b': 0}
  Constraint count: 2

Analyzing path 3...
  Saved to: symbolic_newV_path_3.txt
  Symbolic variable values: {'arg_a': 13, 'arg_b': 0}
  Constraint count: 15

Analyzing path 4...
  Saved to: symbolic_newV_path_4.txt
  Symbolic variable values: {'arg_a': 14, 'arg_b': 0}
  Constraint count: 16

Analyzing path 5...
  Saved to: symbolic_newV_path_5.txt
  Symbolic variable values: {'arg_a': 15, 'arg_b': 0}
  Constraint count: 17
Done. Found 5 paths


elapsed=1.278309
returncode=0
