Command: /Users/zzk/Desktop/symbolicana/symbolic_analysis/.venv312/bin/python /Users/zzk/Desktop/symbolicana/symbolic_analysis/scripts/se_script_improved.py --binary /Users/zzk/Desktop/symbolicana/benchmarks/ardiff_paths/cases/gam/ei/Eq/bin/symbolic_newV --output-prefix symbolic_newV --timeout 120

ERROR    | 2026-07-01 06:06:03,442 | angr.state_plugins.unicorn_engine | failed loading "unicornlib.dylib", unicorn support disabled ('NoneType' object has no attribute 'unicorn_py3')
WARNING  | 2026-07-01 06:06:03,605 | cle.backends.macho.macho | LC_LOAD_DYLINKER is not handled yet
WARNING  | 2026-07-01 06:06:03,605 | cle.backends.macho.macho | LC_UUID is not handled yet
WARNING  | 2026-07-01 06:06:03,606 | cle.backends.macho.macho | LC_SOURCE_VERSION is not handled yet
WARNING  | 2026-07-01 06:06:03,606 | cle.backends.macho.macho | LC_CODE_SIGNATURE is not handled yet
WARNING  | 2026-07-01 06:06:03,606 | angr.calling_conventions | Guessing call prototype. Please specify prototype.
Analyzing single binary: /Users/zzk/Desktop/symbolicana/benchmarks/ardiff_paths/cases/gam/ei/Eq/bin/symbolic_newV
Starting symbolic execution: /Users/zzk/Desktop/symbolicana/benchmarks/ardiff_paths/cases/gam/ei/Eq/bin/symbolic_newV
Loading binary: /Users/zzk/Desktop/symbolicana/benchmarks/ardiff_paths/cases/gam/ei/Eq/bin/symbolic_newV
Found snippet at: 0x100003c00
Created symbolic snippet arguments: arg_a, arg_b
Exploring paths...
Symbolic execution finished:
  Deadended: 0
  Active: 0
  Errored: 3
  Handling errored states: 3

Analyzing path 1...
  Saved to: symbolic_newV_path_1.txt
  Symbolic variable values: {'arg_a': 0, 'arg_b': 0}
  Constraint count: 1

Analyzing path 2...
  Saved to: symbolic_newV_path_2.txt
  Symbolic variable values: {'arg_a': 1, 'arg_b': 0}
  Constraint count: 6

Analyzing path 3...
  Saved to: symbolic_newV_path_3.txt
  Symbolic variable values: {'arg_a': 2951170, 'arg_b': 0}
  Constraint count: 8
Done. Found 3 paths


elapsed=2.854757
returncode=0
