Command: C:\Users\10198\Desktop\symbolicana\symbolic_analysis\.venv\Scripts\python.exe C:\Users\10198\Desktop\symbolicana\symbolic_analysis\scripts\se_script_improved.py --binary C:\Users\10198\Desktop\symbolicana\symbolic_analysis\benchmarks\ardiff_paths_typed\cases\gam\erfcc\Eq\bin\symbolic_newV --output-prefix symbolic_newV --timeout 120 --signature double(double)

ERROR    | 2026-07-05 05:54:15,703 | angr.state_plugins.unicorn_engine | failed loading "unicornlib.dll", unicorn support disabled ('NoneType' object has no attribute 'unicorn_py3')
WARNING  | 2026-07-05 05:54:16,218 | cle.backends.macho.macho | LC_LOAD_DYLINKER is not handled yet
WARNING  | 2026-07-05 05:54:16,218 | cle.backends.macho.macho | LC_UUID is not handled yet
WARNING  | 2026-07-05 05:54:16,218 | cle.backends.macho.macho | LC_SOURCE_VERSION is not handled yet
WARNING  | 2026-07-05 05:54:16,218 | cle.backends.macho.macho | LC_CODE_SIGNATURE is not handled yet
WARNING  | 2026-07-05 05:54:16,220 | angr.calling_conventions | Guessing call prototype. Please specify prototype.
Analyzing single binary: C:\Users\10198\Desktop\symbolicana\symbolic_analysis\benchmarks\ardiff_paths_typed\cases\gam\erfcc\Eq\bin\symbolic_newV
Starting symbolic execution: C:\Users\10198\Desktop\symbolicana\symbolic_analysis\benchmarks\ardiff_paths_typed\cases\gam\erfcc\Eq\bin\symbolic_newV
Loading binary: C:\Users\10198\Desktop\symbolicana\symbolic_analysis\benchmarks\ardiff_paths_typed\cases\gam\erfcc\Eq\bin\symbolic_newV
Found snippet at: 0x100003d6c
Created symbolic snippet arguments: arg_0:double
Exploring paths...
Symbolic execution finished:
  Deadended: 0
  Active: 0
  Errored: 2
  Handling errored states: 2

Analyzing path 1...
  Saved to: symbolic_newV_path_1.txt
  Symbolic variable values: {'arg_0': 9224309241128573714}
  Constraint count: 1

Analyzing path 2...
  Saved to: symbolic_newV_path_2.txt
  Symbolic variable values: {'arg_0': 0}
  Constraint count: 1
Done. Found 2 paths


elapsed=1.765272
returncode=0
