Command: C:\Users\10198\Desktop\symbolicana\symbolic_analysis\.venv\Scripts\python.exe C:\Users\10198\Desktop\symbolicana\symbolic_analysis\scripts\se_script_improved.py --binary C:\Users\10198\Desktop\symbolicana\symbolic_analysis\benchmarks\ardiff_paths_typed\cases\gam\ei\Eq\bin\symbolic_newV --output-prefix symbolic_newV --timeout 120 --signature double(double)

ERROR    | 2026-07-05 08:30:02,770 | angr.state_plugins.unicorn_engine | failed loading "unicornlib.dll", unicorn support disabled ('NoneType' object has no attribute 'unicorn_py3')
WARNING  | 2026-07-05 08:30:03,478 | angr.calling_conventions | Guessing call prototype. Please specify prototype.
Analyzing single binary: C:\Users\10198\Desktop\symbolicana\symbolic_analysis\benchmarks\ardiff_paths_typed\cases\gam\ei\Eq\bin\symbolic_newV
Starting symbolic execution: C:\Users\10198\Desktop\symbolicana\symbolic_analysis\benchmarks\ardiff_paths_typed\cases\gam\ei\Eq\bin\symbolic_newV
Loading binary: C:\Users\10198\Desktop\symbolicana\symbolic_analysis\benchmarks\ardiff_paths_typed\cases\gam\ei\Eq\bin\symbolic_newV
Found snippet at: 0x1400014b0
Created symbolic snippet arguments: arg_0:double
Exploring paths...
Symbolic execution finished:
  Deadended: 0
  Active: 0
  Errored: 2
  Handling errored states: 2

Analyzing path 1...
  Saved to: symbolic_newV_path_1.txt
  Symbolic variable values: {'arg_0': 10970485648973118739}
  Constraint count: 1

Analyzing path 2...
  Saved to: symbolic_newV_path_2.txt
  Symbolic variable values: {'arg_0': 524288}
  Constraint count: 2
Done. Found 2 paths


elapsed=2.007110
returncode=0
